// Jest Snapshot v1, https://goo.gl/fbAQLP

exports[`ListMovies component shows error message 1`] = `"<div><h1>Error</h1><div id=\\"error-text\\">Error: Something went wrong</div></div>"`;

exports[`ListMovies component shows loading screen 1`] = `"<div>Loading...</div>"`;

exports[`ListMovies component shows movies 1`] = `"<div><h1>Movies in the database</h1><div><form><label>Country:<input id=\\"country-query\\" value=\\"\\"><button>Filter</button></label></form></div><h3>movie 1</h3><div></div><h3>movie 2</h3><div></div></div>"`;
